11:34:21 [SESSION] logging to C:\Users\user\Documents\avigilon-ptz-dashboard\backend\logs\session-20260714-113421-9812.log
11:36:03 [VIDEO] capture loop starting, stream_url='rtsp://administrator:123456@169.254.50.189/rtsp/defaultPrimary?streamType=u'
11:36:03 [VIDEO] opening capture: 'rtsp://administrator:123456@169.254.50.189/rtsp/defaultPrimary?streamType=u'
11:36:04 [VIDEO] capture opened successfully
11:36:08 [DETECT] inference took 3.66s
11:36:08 [DETECT] inference took 0.38s
11:36:09 [DETECT] inference took 0.42s
11:36:10 [DETECT] inference took 0.52s
11:36:10 [DETECT] inference took 0.38s
11:36:11 [DETECT] inference took 0.38s
11:36:12 [DETECT] inference took 0.36s
11:36:13 [DETECT] inference took 0.39s
11:36:14 [DETECT] inference took 0.34s
11:36:15 [DETECT] inference took 0.33s
11:36:16 [DETECT] inference took 0.23s
11:36:17 [DETECT] inference took 0.27s
11:36:18 [DETECT] inference took 0.23s
11:36:19 [DETECT] inference took 0.23s
11:36:20 [DETECT] inference took 0.24s
11:36:21 [DETECT] inference took 0.24s
11:36:22 [DETECT] inference took 0.24s
11:36:23 [DETECT] inference took 0.24s
11:36:24 [DETECT] inference took 0.25s
11:36:25 [DETECT] inference took 0.24s
11:36:26 [DETECT] inference took 0.24s
11:36:27 [DETECT] inference took 0.22s
11:36:28 [DETECT] inference took 0.31s
11:36:29 [DETECT] inference took 0.31s
11:36:30 [DETECT] inference took 0.34s
11:36:31 [DETECT] inference took 0.38s
11:36:31 [DETECT] rejected drone candidate (confidence=0.27) -- overlaps a confidently-classified non-drone object
11:36:31 [DETECT] inference took 0.36s
11:36:32 [DETECT] inference took 0.36s
11:36:33 [DETECT] inference took 0.31s
11:36:34 [DETECT] inference took 0.36s
11:36:35 [AUTONOMY] scan -> waypoint 0 pan=-0.32 tilt=-0.01 speed=0.60
11:36:35 [DETECT] inference took 0.34s
11:36:36 [AUTONOMY] waypoint 0 reached after 0.8s (arrived=True)
11:36:36 [DETECT] inference took 0.36s
11:36:37 [AUTONOMY] scan -> waypoint 1 pan=0.28 tilt=-0.01 speed=0.60
11:36:37 [DETECT] inference took 0.34s
11:36:38 [AUTONOMY] waypoint 1 reached after 1.2s (arrived=True)
11:36:38 [DETECT] inference took 0.36s
11:36:39 [DETECT] inference took 0.33s
11:36:40 [AUTONOMY] scan -> waypoint 2 pan=0.28 tilt=0.11 speed=0.60
11:36:40 [AUTONOMY] waypoint 2 reached after 0.8s (arrived=True)
11:36:40 [DETECT] inference took 0.39s
11:36:41 [DETECT] inference took 0.33s
11:36:42 [AUTONOMY] scan -> waypoint 3 pan=-0.32 tilt=0.11 speed=0.60
11:36:42 [DETECT] inference took 0.41s
11:36:43 [AUTONOMY] waypoint 3 reached after 1.2s (arrived=True)
11:36:43 [DETECT] inference took 0.38s
11:36:44 [AUTONOMY] scan -> waypoint 4 pan=-0.32 tilt=0.23 speed=0.60
11:36:44 [DETECT] inference took 0.34s
11:36:45 [AUTONOMY] waypoint 4 reached after 0.8s (arrived=True)
11:36:45 [DETECT] inference took 0.38s
11:36:46 [AUTONOMY] scan -> waypoint 5 pan=0.28 tilt=0.23 speed=0.60
11:36:46 [DETECT] inference took 0.31s
11:36:47 [AUTONOMY] waypoint 5 reached after 1.2s (arrived=True)
11:36:47 [DETECT] inference took 0.39s
11:36:48 [DETECT] inference took 0.36s
11:36:48 [DETECT] rejected drone candidate (confidence=0.35) -- overlaps a confidently-classified non-drone object
11:36:48 [DETECT] inference took 0.33s
11:36:49 [AUTONOMY] scan -> waypoint 0 pan=-0.32 tilt=-0.01 speed=0.60
11:36:50 [DETECT] inference took 0.39s
11:36:50 [AUTONOMY] waypoint 0 reached after 1.2s (arrived=True)
11:36:50 [DETECT] inference took 0.38s
11:36:51 [AUTONOMY] scan -> waypoint 1 pan=0.28 tilt=-0.01 speed=0.60
11:36:51 [DETECT] inference took 0.36s
11:36:52 [AUTONOMY] waypoint 1 reached after 1.2s (arrived=True)
11:36:52 [DETECT] inference took 0.38s
11:36:53 [DETECT] inference took 0.39s
11:36:54 [AUTONOMY] scan -> waypoint 2 pan=0.28 tilt=0.11 speed=0.60
11:36:54 [AUTONOMY] waypoint 2 reached after 0.8s (arrived=True)
11:36:54 [DETECT] inference took 0.39s
11:36:56 [DETECT] inference took 0.42s
11:36:56 [AUTONOMY] scan -> waypoint 3 pan=-0.32 tilt=0.11 speed=0.60
11:36:57 [DETECT] inference took 0.41s
11:36:57 [AUTONOMY] waypoint 3 reached after 1.2s (arrived=True)
11:36:57 [DETECT] inference took 0.34s
11:36:58 [AUTONOMY] scan -> waypoint 4 pan=-0.32 tilt=0.23 speed=0.60
11:36:58 [DETECT] inference took 0.34s
11:36:59 [AUTONOMY] waypoint 4 reached after 0.8s (arrived=True)
11:36:59 [DETECT] inference took 0.36s
11:37:00 [AUTONOMY] scan -> waypoint 5 pan=0.28 tilt=0.23 speed=0.60
11:37:00 [DETECT] inference took 0.33s
11:37:01 [DETECT] inference took 0.34s
11:37:01 [AUTONOMY] waypoint 5 reached after 1.2s (arrived=True)
11:37:02 [DETECT] inference took 0.33s
11:37:03 [AUTONOMY] scan -> waypoint 0 pan=-0.32 tilt=-0.01 speed=0.60
11:37:04 [DETECT] inference took 0.41s
11:37:04 [AUTONOMY] waypoint 0 reached after 1.2s (arrived=True)
11:37:04 [DETECT] inference took 0.34s
11:37:05 [AUTONOMY] scan -> waypoint 1 pan=0.28 tilt=-0.01 speed=0.60
11:37:05 [DETECT] inference took 0.36s
11:37:06 [DETECT] inference took 0.33s
11:37:06 [AUTONOMY] waypoint 1 reached after 1.2s (arrived=True)
11:37:07 [DETECT] inference took 0.33s
11:37:08 [AUTONOMY] scan -> waypoint 2 pan=0.28 tilt=0.11 speed=0.60
11:37:08 [DETECT] inference took 0.36s
11:37:09 [AUTONOMY] waypoint 2 reached after 0.8s (arrived=True)
11:37:09 [DETECT] inference took 0.34s
11:37:10 [AUTONOMY] scan -> waypoint 3 pan=-0.32 tilt=0.11 speed=0.60
11:37:11 [DETECT] inference took 0.38s
11:37:11 [AUTONOMY] waypoint 3 reached after 1.2s (arrived=True)
11:37:11 [DETECT] inference took 0.36s
11:37:12 [DETECT] inference took 0.39s
11:37:12 [AUTONOMY] investigating (candidate confidence=0.66)
11:37:13 [DETECT] inference took 0.39s
11:37:13 [DETECT] inference took 0.39s
11:37:14 [DETECT] inference took 0.41s
11:37:14 [DETECT] inference took 0.38s
11:37:16 [DETECT] inference took 0.41s
11:37:16 [TRACK] target lost -- no qualifying detection for 3.03s (timeout=3.0s)
11:37:16 [AUTONOMY] scan -> waypoint 4 pan=-0.32 tilt=0.23 speed=0.60
11:37:17 [DETECT] inference took 0.42s
11:37:17 [AUTONOMY] waypoint 4 reached after 0.8s (arrived=True)
11:37:17 [DETECT] inference took 0.42s
11:37:17 [AUTONOMY] investigating (candidate confidence=0.56)
11:37:18 [DETECT] inference took 0.41s
11:37:18 [DETECT] inference took 0.38s
11:37:19 [AUTONOMY] investigation ended (candidate vanished) after 1.6s, zoom_attempts=0
11:37:19 [AUTONOMY] scan -> waypoint 5 pan=0.28 tilt=0.23 speed=0.60
11:37:20 [DETECT] inference took 0.45s
11:37:20 [AUTONOMY] waypoint 5 reached after 1.2s (arrived=True)
11:37:20 [DETECT] inference took 0.38s
11:37:21 [AUTONOMY] scan -> waypoint 0 pan=-0.32 tilt=-0.01 speed=0.60
11:37:21 [DETECT] inference took 0.36s
11:37:22 [AUTONOMY] waypoint 0 reached after 1.2s (arrived=True)
11:37:22 [DETECT] inference took 0.36s
11:37:23 [DETECT] inference took 0.41s
11:37:23 [AUTONOMY] investigating (candidate confidence=0.34)
11:37:23 [DETECT] inference took 0.36s
11:37:25 [DETECT] inference took 0.39s
11:37:25 [AUTONOMY] investigation ended (candidate vanished) after 1.6s, zoom_attempts=0
11:37:25 [AUTONOMY] scan -> waypoint 1 pan=0.28 tilt=-0.01 speed=0.60
11:37:25 [DETECT] inference took 0.38s
11:37:26 [AUTONOMY] waypoint 1 reached after 1.2s (arrived=True)
11:37:26 [DETECT] inference took 0.38s
11:37:27 [AUTONOMY] scan -> waypoint 2 pan=0.28 tilt=0.11 speed=0.60
11:37:27 [DETECT] inference took 0.31s
11:37:28 [AUTONOMY] waypoint 2 reached after 0.8s (arrived=True)
11:37:28 [DETECT] inference took 0.38s
11:37:29 [AUTONOMY] scan -> waypoint 3 pan=-0.32 tilt=0.11 speed=0.60
11:37:29 [DETECT] inference took 0.33s
11:37:30 [AUTONOMY] waypoint 3 reached after 1.2s (arrived=True)
11:37:30 [DETECT] inference took 0.36s
11:37:31 [DETECT] inference took 0.38s
11:37:32 [AUTONOMY] scan -> waypoint 4 pan=-0.32 tilt=0.23 speed=0.60
11:37:32 [DETECT] inference took 0.38s
11:37:32 [AUTONOMY] investigating (candidate confidence=0.60)
11:37:33 [DETECT] inference took 0.45s
11:37:33 [DETECT] inference took 0.41s
11:37:33 [DETECT] rejected drone candidate (confidence=0.47) -- overlaps a confidently-classified non-drone object
11:37:33 [AUTONOMY] investigation ended (candidate vanished) after 1.1s, zoom_attempts=0
11:37:33 [AUTONOMY] scan -> waypoint 4 pan=-0.32 tilt=0.23 speed=0.60
11:37:34 [AUTONOMY] waypoint 4 reached after 0.4s (arrived=True)
11:37:34 [DETECT] inference took 0.41s
11:37:34 [DETECT] inference took 0.38s
11:37:35 [AUTONOMY] scan -> waypoint 5 pan=0.28 tilt=0.23 speed=0.60
11:37:36 [DETECT] inference took 0.41s
11:37:36 [AUTONOMY] waypoint 5 reached after 1.2s (arrived=True)
11:37:36 [DETECT] inference took 0.36s
11:37:37 [AUTONOMY] scan -> waypoint 0 pan=-0.32 tilt=-0.01 speed=0.60
11:37:37 [DETECT] inference took 0.34s
11:37:38 [AUTONOMY] waypoint 0 reached after 1.3s (arrived=True)
11:37:39 [DETECT] inference took 0.39s
11:37:39 [DETECT] inference took 0.39s
11:37:39 [AUTONOMY] investigating (candidate confidence=0.50)
11:37:40 [DETECT] inference took 0.42s
11:37:41 [DETECT] inference took 0.38s
11:37:41 [AUTONOMY] investigation ended (candidate vanished) after 1.6s, zoom_attempts=0
11:37:41 [AUTONOMY] scan -> waypoint 1 pan=0.28 tilt=-0.01 speed=0.60
11:37:42 [DETECT] inference took 0.41s
11:37:42 [AUTONOMY] waypoint 1 reached after 1.3s (arrived=True)
11:37:42 [DETECT] inference took 0.38s
11:37:43 [AUTONOMY] scan -> waypoint 2 pan=0.28 tilt=0.11 speed=0.60
11:37:43 [DETECT] inference took 0.31s
11:37:44 [AUTONOMY] waypoint 2 reached after 0.8s (arrived=True)
11:37:45 [DETECT] inference took 0.39s
11:37:45 [AUTONOMY] scan -> waypoint 3 pan=-0.32 tilt=0.11 speed=0.60
11:37:45 [DETECT] inference took 0.36s
11:37:46 [AUTONOMY] waypoint 3 reached after 1.2s (arrived=True)
11:37:47 [DETECT] inference took 0.39s
11:37:47 [DETECT] inference took 0.34s
11:37:48 [AUTONOMY] scan -> waypoint 4 pan=-0.32 tilt=0.23 speed=0.60
11:37:48 [DETECT] inference took 0.38s
11:37:48 [AUTONOMY] investigating (candidate confidence=0.28)
11:37:49 [DETECT] inference took 0.42s
11:37:49 [AUTONOMY] investigation ended (candidate vanished) after 0.7s, zoom_attempts=0
11:37:49 [AUTONOMY] scan -> waypoint 4 pan=-0.32 tilt=0.23 speed=0.60
11:37:49 [AUTONOMY] waypoint 4 reached after 0.8s (arrived=True)
11:37:50 [DETECT] inference took 0.39s
11:37:50 [DETECT] inference took 0.31s
11:37:51 [AUTONOMY] scan -> waypoint 5 pan=0.28 tilt=0.23 speed=0.60
11:37:52 [DETECT] inference took 0.41s
11:37:52 [AUTONOMY] waypoint 5 reached after 1.2s (arrived=True)
11:37:53 [DETECT] inference took 0.39s
11:37:53 [AUTONOMY] scan -> waypoint 0 pan=-0.32 tilt=-0.01 speed=0.60
11:37:53 [DETECT] inference took 0.34s
11:37:54 [AUTONOMY] waypoint 0 reached after 1.2s (arrived=True)
11:37:54 [DETECT] inference took 0.36s
11:37:55 [DETECT] inference took 0.36s
11:37:56 [AUTONOMY] scan -> waypoint 1 pan=0.28 tilt=-0.01 speed=0.60
11:37:57 [DETECT] inference took 0.41s
11:37:57 [DETECT] inference took 0.38s
11:37:57 [AUTONOMY] investigating (candidate confidence=0.33)
11:37:58 [DETECT] inference took 0.38s
11:37:58 [DETECT] inference took 0.33s
11:37:58 [AUTONOMY] investigation ended (candidate vanished) after 1.5s, zoom_attempts=0
11:37:59 [AUTONOMY] scan -> waypoint 1 pan=0.28 tilt=-0.01 speed=0.60
11:37:59 [AUTONOMY] waypoint 1 reached after 0.4s (arrived=True)
11:37:59 [DETECT] inference took 0.30s
11:38:00 [AUTONOMY] scan -> waypoint 2 pan=0.28 tilt=0.11 speed=0.60
11:38:00 [DETECT] inference took 0.33s
11:38:01 [AUTONOMY] waypoint 2 reached after 0.8s (arrived=True)
11:38:01 [DETECT] inference took 0.38s
11:38:02 [AUTONOMY] scan -> waypoint 3 pan=-0.32 tilt=0.11 speed=0.60
11:38:02 [DETECT] inference took 0.34s
11:38:04 [DETECT] inference took 0.39s
11:38:04 [AUTONOMY] waypoint 3 reached after 1.2s (arrived=True)
11:38:04 [DETECT] inference took 0.41s
11:38:04 [AUTONOMY] investigating (candidate confidence=0.45)
11:38:05 [DETECT] inference took 0.41s
11:38:05 [DETECT] inference took 0.38s
11:38:06 [AUTONOMY] investigation ended (candidate vanished) after 1.6s, zoom_attempts=0
11:38:06 [AUTONOMY] scan -> waypoint 4 pan=-0.32 tilt=0.23 speed=0.20
11:38:06 [AUTONOMY] waypoint 4 reached after 0.9s (arrived=True)
11:38:07 [DETECT] inference took 0.44s
11:38:07 [DETECT] inference took 0.36s
11:38:08 [AUTONOMY] scan -> waypoint 5 pan=0.28 tilt=0.23 speed=0.60
11:38:09 [DETECT] inference took 0.41s
11:38:09 [AUTONOMY] waypoint 5 reached after 1.2s (arrived=True)
11:38:09 [DETECT] inference took 0.38s
11:38:10 [AUTONOMY] scan -> waypoint 4 pan=-0.32 tilt=0.23 speed=0.60
11:38:10 [DETECT] inference took 0.34s
11:38:11 [AUTONOMY] waypoint 4 reached after 1.2s (arrived=True)
11:38:12 [DETECT] inference took 0.38s
11:38:12 [DETECT] inference took 0.34s
11:38:13 [AUTONOMY] scan -> waypoint 5 pan=0.28 tilt=0.23 speed=0.60
11:38:14 [DETECT] inference took 0.41s
11:38:14 [AUTONOMY] waypoint 5 reached after 1.3s (arrived=True)
11:38:14 [DETECT] inference took 0.36s
11:38:15 [DETECT] inference took 0.38s
11:38:15 [AUTONOMY] investigating (candidate confidence=0.33)
11:38:16 [DETECT] inference took 0.39s
11:38:16 [AUTONOMY] investigation ended (candidate vanished) after 0.6s, zoom_attempts=0
11:38:16 [AUTONOMY] scan -> waypoint 0 pan=-0.32 tilt=-0.01 speed=0.60
11:38:17 [DETECT] inference took 0.44s
11:38:17 [AUTONOMY] waypoint 0 reached after 1.3s (arrived=True)
11:38:17 [DETECT] inference took 0.34s
11:38:18 [AUTONOMY] scan -> waypoint 1 pan=0.28 tilt=-0.01 speed=0.60
11:38:18 [DETECT] inference took 0.34s
11:38:19 [AUTONOMY] waypoint 1 reached after 1.2s (arrived=True)
11:38:19 [DETECT] inference took 0.36s
11:38:20 [DETECT] inference took 0.33s
11:38:21 [AUTONOMY] scan -> waypoint 2 pan=0.28 tilt=0.11 speed=0.60
11:38:21 [AUTONOMY] waypoint 2 reached after 0.8s (arrived=True)
11:38:22 [DETECT] inference took 0.38s
11:38:22 [DETECT] inference took 0.41s
11:38:22 [AUTONOMY] investigating (candidate confidence=0.30)
11:38:22 [DETECT] inference took 0.38s
11:38:23 [DETECT] inference took 0.34s
11:38:23 [AUTONOMY] investigation ended (candidate vanished) after 1.5s, zoom_attempts=0
11:38:24 [AUTONOMY] scan -> waypoint 3 pan=-0.32 tilt=0.11 speed=0.60
11:38:25 [DETECT] inference took 0.39s
11:38:25 [AUTONOMY] waypoint 3 reached after 1.2s (arrived=True)
11:38:25 [DETECT] inference took 0.41s
11:38:25 [AUTONOMY] investigating (candidate confidence=0.26)
11:38:26 [DETECT] inference took 0.39s
11:38:26 [DETECT] inference took 0.34s
11:38:26 [AUTONOMY] investigation ended (candidate vanished) after 1.5s, zoom_attempts=0
11:38:27 [AUTONOMY] scan -> waypoint 4 pan=-0.32 tilt=0.23 speed=0.20
11:38:27 [AUTONOMY] waypoint 4 reached after 0.8s (arrived=True)
11:38:28 [DETECT] inference took 0.42s
11:38:28 [DETECT] inference took 0.41s
11:38:28 [DETECT] rejected drone candidate (confidence=0.35) -- overlaps a confidently-classified non-drone object
11:38:28 [DETECT] inference took 0.36s
11:38:29 [AUTONOMY] scan -> waypoint 5 pan=0.28 tilt=0.23 speed=0.60
11:38:30 [DETECT] inference took 0.39s
11:38:30 [AUTONOMY] waypoint 5 reached after 1.3s (arrived=True)
11:38:31 [DETECT] inference took 0.38s
11:38:31 [AUTONOMY] scan -> waypoint 4 pan=-0.32 tilt=0.23 speed=0.60
11:38:31 [DETECT] inference took 0.34s
11:38:32 [AUTONOMY] waypoint 4 reached after 1.2s (arrived=True)
11:38:32 [DETECT] inference took 0.33s
11:38:33 [DETECT] inference took 0.36s
11:38:34 [AUTONOMY] scan -> waypoint 5 pan=0.28 tilt=0.23 speed=0.60
11:38:35 [DETECT] inference took 0.39s
11:38:35 [AUTONOMY] waypoint 5 reached after 1.2s (arrived=True)
11:38:35 [DETECT] inference took 0.38s
11:38:36 [DETECT] inference took 0.36s
11:38:36 [AUTONOMY] investigating (candidate confidence=0.43)
11:38:36 [DETECT] inference took 0.38s
11:38:37 [DETECT] inference took 0.34s
11:38:38 [AUTONOMY] investigation ended (candidate vanished) after 1.6s, zoom_attempts=0
11:38:38 [AUTONOMY] scan -> waypoint 0 pan=-0.32 tilt=-0.01 speed=0.60
11:38:39 [DETECT] inference took 0.42s
11:38:39 [AUTONOMY] waypoint 0 reached after 1.3s (arrived=True)
11:38:39 [DETECT] inference took 0.38s
11:38:40 [AUTONOMY] scan -> waypoint 1 pan=0.28 tilt=-0.01 speed=0.60
11:38:40 [DETECT] inference took 0.34s
11:38:41 [AUTONOMY] waypoint 1 reached after 1.2s (arrived=True)
11:38:41 [DETECT] inference took 0.33s
11:38:42 [DETECT] inference took 0.33s
11:38:43 [AUTONOMY] scan -> waypoint 2 pan=0.28 tilt=0.11 speed=0.60
11:38:43 [AUTONOMY] waypoint 2 reached after 0.8s (arrived=True)
11:38:43 [DETECT] inference took 0.36s
11:38:44 [DETECT] inference took 0.42s
11:38:44 [AUTONOMY] investigating (candidate confidence=0.38)
11:38:44 [DETECT] inference took 0.38s
11:38:45 [DETECT] inference took 0.34s
11:38:45 [AUTONOMY] investigation ended (candidate vanished) after 1.6s, zoom_attempts=0
11:38:46 [AUTONOMY] scan -> waypoint 3 pan=-0.32 tilt=0.11 speed=0.60
11:38:47 [DETECT] inference took 0.42s
11:38:47 [AUTONOMY] waypoint 3 reached after 1.3s (arrived=True)
11:38:47 [DETECT] inference took 0.36s
11:38:48 [AUTONOMY] scan -> waypoint 4 pan=-0.32 tilt=0.23 speed=0.60
11:38:48 [DETECT] inference took 0.34s
11:38:49 [AUTONOMY] waypoint 4 reached after 0.8s (arrived=True)
11:38:50 [DETECT] inference took 0.41s
11:38:50 [AUTONOMY] scan -> waypoint 5 pan=0.28 tilt=0.23 speed=0.60
11:38:50 [DETECT] inference took 0.34s
11:38:51 [AUTONOMY] waypoint 5 reached after 1.3s (arrived=True)
11:38:51 [DETECT] inference took 0.38s
11:38:53 [DETECT] inference took 0.42s
11:38:53 [AUTONOMY] scan -> waypoint 0 pan=-0.32 tilt=-0.01 speed=0.60
11:38:54 [DETECT] inference took 0.41s
11:38:54 [AUTONOMY] waypoint 0 reached after 1.2s (arrived=True)
11:38:54 [DETECT] inference took 0.38s
11:38:55 [AUTONOMY] scan -> waypoint 1 pan=0.28 tilt=-0.01 speed=0.60
11:38:55 [DETECT] inference took 0.36s
11:38:56 [AUTONOMY] waypoint 1 reached after 1.3s (arrived=True)
11:38:56 [DETECT] inference took 0.34s
11:38:57 [DETECT] inference took 0.33s
11:38:58 [AUTONOMY] scan -> waypoint 2 pan=0.28 tilt=0.11 speed=0.60
11:38:58 [AUTONOMY] waypoint 2 reached after 0.8s (arrived=True)
11:38:59 [DETECT] inference took 0.41s
11:38:59 [DETECT] inference took 0.38s
11:39:00 [AUTONOMY] scan -> waypoint 3 pan=-0.32 tilt=0.11 speed=0.60
11:39:01 [DETECT] inference took 0.41s
11:39:01 [AUTONOMY] waypoint 3 reached after 1.3s (arrived=True)
11:39:01 [DETECT] inference took 0.38s
11:39:02 [AUTONOMY] scan -> waypoint 4 pan=-0.32 tilt=0.23 speed=0.60
11:39:02 [DETECT] inference took 0.33s
11:39:03 [AUTONOMY] waypoint 4 reached after 0.8s (arrived=True)
11:39:03 [DETECT] inference took 0.38s
11:39:04 [AUTONOMY] scan -> waypoint 5 pan=0.28 tilt=0.23 speed=0.60
11:39:04 [DETECT] inference took 0.33s
11:39:05 [DETECT] inference took 0.34s
11:39:05 [AUTONOMY] waypoint 5 reached after 1.3s (arrived=True)
11:39:06 [DETECT] inference took 0.33s
11:39:07 [AUTONOMY] scan -> waypoint 0 pan=-0.32 tilt=-0.01 speed=0.60
11:39:08 [DETECT] inference took 0.41s
11:39:08 [AUTONOMY] waypoint 0 reached after 1.3s (arrived=True)
11:39:08 [DETECT] inference took 0.36s
11:39:09 [AUTONOMY] scan -> waypoint 1 pan=0.28 tilt=-0.01 speed=0.60
11:39:09 [DETECT] inference took 0.34s
11:39:10 [DETECT] inference took 0.33s
11:39:10 [AUTONOMY] waypoint 1 reached after 1.3s (arrived=True)
11:39:11 [DETECT] inference took 0.33s
11:39:12 [AUTONOMY] scan -> waypoint 2 pan=0.28 tilt=0.11 speed=0.60
11:39:12 [DETECT] inference took 0.36s
11:39:13 [AUTONOMY] waypoint 2 reached after 0.8s (arrived=True)
11:39:14 [DETECT] inference took 0.41s
11:39:14 [AUTONOMY] scan -> waypoint 3 pan=-0.32 tilt=0.11 speed=0.60
11:39:15 [DETECT] inference took 0.41s
11:39:15 [DETECT] inference took 0.41s
11:39:15 [AUTONOMY] investigating (candidate confidence=0.30)
11:39:16 [DETECT] inference took 0.41s
11:39:16 [DETECT] inference took 0.34s
11:39:17 [AUTONOMY] investigation ended (candidate vanished) after 1.5s, zoom_attempts=0
11:39:17 [AUTONOMY] scan -> waypoint 3 pan=-0.32 tilt=0.11 speed=0.60
11:39:17 [AUTONOMY] waypoint 3 reached after 0.4s (arrived=True)
11:39:17 [DETECT] inference took 0.33s
11:39:18 [AUTONOMY] scan -> waypoint 4 pan=-0.32 tilt=0.23 speed=0.60
11:39:18 [DETECT] inference took 0.31s
11:39:19 [AUTONOMY] waypoint 4 reached after 0.8s (arrived=True)
11:39:20 [DETECT] inference took 0.36s
11:39:20 [AUTONOMY] scan -> waypoint 5 pan=0.28 tilt=0.23 speed=0.60
11:39:21 [DETECT] inference took 0.34s
11:39:22 [DETECT] inference took 0.39s
11:39:22 [AUTONOMY] waypoint 5 reached after 1.3s (arrived=True)
11:39:22 [DETECT] inference took 0.33s
11:39:23 [AUTONOMY] scan -> waypoint 0 pan=-0.32 tilt=-0.01 speed=0.60
11:39:24 [DETECT] inference took 0.39s
11:39:24 [AUTONOMY] waypoint 0 reached after 1.2s (arrived=True)
11:39:25 [DETECT] inference took 0.34s
11:39:25 [AUTONOMY] scan -> waypoint 1 pan=0.28 tilt=-0.01 speed=0.60
11:39:26 [DETECT] inference took 0.39s
11:39:26 [AUTONOMY] waypoint 1 reached after 1.2s (arrived=True)
11:39:27 [DETECT] inference took 0.34s
11:39:28 [DETECT] inference took 0.36s
11:39:29 [DETECT] inference took 0.70s
11:39:29 [DETECT] inference took 0.31s
11:39:31 [DETECT] inference took 0.36s
11:39:31 [DETECT] inference took 0.28s
11:39:32 [DETECT] inference took 0.23s
11:39:33 [DETECT] inference took 0.23s
11:39:34 [DETECT] inference took 0.23s
11:39:35 [DETECT] inference took 0.25s
11:39:36 [DETECT] inference took 0.22s
11:39:38 [DETECT] inference took 0.34s
11:39:38 [DETECT] inference took 0.23s
11:39:39 [DETECT] inference took 0.23s
11:39:40 [DETECT] inference took 0.22s
11:39:41 [DETECT] inference took 0.23s
11:39:42 [DETECT] inference took 0.24s
11:39:43 [DETECT] inference took 0.24s
11:39:44 [DETECT] inference took 0.25s
11:39:45 [DETECT] inference took 0.24s
11:39:46 [DETECT] inference took 0.24s
11:39:47 [DETECT] inference took 0.22s
11:39:48 [DETECT] inference took 0.22s
11:39:50 [DETECT] inference took 0.31s
11:39:50 [DETECT] inference took 0.23s
11:39:51 [DETECT] inference took 0.23s
11:39:52 [DETECT] inference took 0.23s
11:39:53 [DETECT] inference took 0.22s
11:39:55 [DETECT] inference took 0.36s
11:39:55 [DETECT] inference took 0.23s
11:39:56 [DETECT] inference took 0.23s
11:39:57 [DETECT] inference took 0.23s
11:39:58 [DETECT] inference took 0.22s
11:39:59 [DETECT] inference took 0.23s
11:40:01 [DETECT] inference took 0.26s
11:40:01 [DETECT] inference took 0.23s
11:40:02 [DETECT] inference took 0.23s
11:40:03 [DETECT] inference took 0.23s
11:40:04 [DETECT] inference took 0.24s
11:40:05 [DETECT] inference took 0.24s
11:40:06 [DETECT] inference took 0.24s
11:40:09 [DETECT] inference took 1.66s
11:40:09 [DETECT] inference took 0.26s
11:40:10 [DETECT] inference took 0.39s
11:40:11 [DETECT] inference took 0.22s
11:40:12 [DETECT] inference took 0.26s
11:40:13 [DETECT] inference took 0.25s
11:40:14 [DETECT] inference took 0.23s
11:40:15 [DETECT] inference took 0.28s
11:40:16 [DETECT] inference took 0.23s
11:40:17 [DETECT] inference took 0.23s
11:40:18 [DETECT] inference took 0.30s
11:40:19 [DETECT] inference took 0.30s
11:40:20 [DETECT] inference took 0.28s
11:40:21 [DETECT] inference took 0.25s
11:40:22 [DETECT] inference took 0.25s
11:40:23 [DETECT] inference took 0.25s
11:40:24 [DETECT] inference took 0.25s
11:40:25 [DETECT] inference took 0.22s
11:40:26 [DETECT] inference took 0.23s
11:40:27 [DETECT] inference took 0.24s
11:40:28 [DETECT] inference took 0.22s
11:40:29 [DETECT] inference took 0.27s
11:40:30 [DETECT] inference took 0.25s
11:40:31 [DETECT] inference took 0.28s
11:40:32 [DETECT] inference took 0.28s
11:40:34 [DETECT] inference took 0.74s
11:40:34 [DETECT] inference took 0.50s
11:40:35 [DETECT] inference took 0.25s
11:40:36 [DETECT] inference took 0.50s
11:40:37 [DETECT] inference took 0.25s
11:40:38 [DETECT] inference took 0.25s
11:40:39 [DETECT] inference took 0.34s
11:40:40 [DETECT] inference took 0.23s
11:40:41 [DETECT] inference took 0.31s
11:40:42 [DETECT] inference took 0.23s
11:40:43 [DETECT] inference took 0.23s
11:40:44 [DETECT] inference took 0.23s
11:40:45 [DETECT] inference took 0.23s
11:40:46 [DETECT] inference took 0.25s
11:40:47 [DETECT] inference took 0.36s
11:40:48 [DETECT] inference took 0.25s
11:40:49 [DETECT] inference took 0.28s
11:40:50 [DETECT] inference took 0.23s
11:40:51 [DETECT] inference took 0.25s
11:40:52 [DETECT] inference took 0.26s
11:40:53 [DETECT] inference took 0.22s
11:40:54 [DETECT] inference took 0.22s
11:40:55 [DETECT] inference took 0.23s
11:40:56 [DETECT] inference took 0.30s
11:40:57 [DETECT] inference took 0.25s
11:40:58 [DETECT] inference took 0.22s
11:40:59 [DETECT] inference took 0.25s
11:41:00 [DETECT] inference took 0.26s
11:41:01 [DETECT] inference took 0.23s
11:41:02 [DETECT] inference took 0.39s
11:41:03 [DETECT] inference took 0.23s
11:41:04 [DETECT] inference took 0.25s
11:41:05 [DETECT] inference took 0.23s
11:41:06 [DETECT] inference took 0.22s
11:41:07 [DETECT] inference took 0.26s
11:41:08 [DETECT] inference took 0.22s
11:41:09 [DETECT] inference took 0.24s
11:41:10 [DETECT] inference took 0.28s
11:41:11 [DETECT] inference took 0.24s
11:41:12 [DETECT] inference took 0.24s
11:41:13 [DETECT] inference took 0.24s
11:41:14 [DETECT] inference took 0.24s
11:41:15 [DETECT] inference took 0.22s
11:41:16 [DETECT] inference took 0.24s
11:41:17 [DETECT] inference took 0.24s
11:41:18 [DETECT] inference took 0.22s
11:41:19 [DETECT] inference took 0.24s
11:41:20 [DETECT] inference took 0.22s
11:41:21 [DETECT] inference took 0.23s
11:41:22 [DETECT] inference took 0.22s
11:41:23 [DETECT] inference took 0.22s
11:41:24 [DETECT] inference took 0.22s
11:41:25 [DETECT] inference took 0.25s
11:41:26 [DETECT] inference took 0.25s
11:41:27 [DETECT] inference took 0.25s
11:41:28 [DETECT] inference took 0.30s
11:41:29 [DETECT] inference took 0.27s
11:41:30 [DETECT] inference took 0.24s
11:41:31 [DETECT] inference took 0.24s
11:41:32 [DETECT] inference took 0.24s
11:41:33 [DETECT] inference took 0.24s
11:41:34 [DETECT] inference took 0.27s
11:41:35 [DETECT] inference took 0.25s
11:41:36 [DETECT] inference took 0.25s
11:41:37 [DETECT] inference took 0.25s
11:41:38 [DETECT] inference took 0.25s
11:41:39 [DETECT] inference took 0.38s
11:41:40 [DETECT] inference took 0.25s
11:41:41 [DETECT] inference took 0.24s
11:41:42 [DETECT] inference took 0.25s
11:41:43 [DETECT] inference took 0.22s
11:41:44 [DETECT] inference took 0.31s
11:41:45 [DETECT] inference took 0.24s
11:41:46 [DETECT] inference took 0.28s
11:41:47 [DETECT] inference took 0.22s
11:41:48 [DETECT] inference took 0.24s
11:41:49 [DETECT] inference took 0.22s
11:41:50 [DETECT] inference took 0.24s
11:41:51 [DETECT] inference took 0.24s
11:41:52 [DETECT] inference took 0.22s
11:41:53 [DETECT] inference took 0.22s
11:41:54 [DETECT] inference took 0.22s
11:41:55 [DETECT] inference took 0.22s
11:41:56 [DETECT] inference took 0.24s
11:41:57 [DETECT] inference took 0.24s
11:41:58 [DETECT] inference took 0.22s
11:41:59 [DETECT] inference took 0.24s
11:42:00 [DETECT] inference took 0.24s
11:42:01 [DETECT] inference took 0.24s
11:42:02 [DETECT] inference took 0.22s
11:42:03 [DETECT] inference took 0.24s
11:42:04 [DETECT] inference took 0.24s
11:42:05 [DETECT] inference took 0.33s
11:42:06 [DETECT] inference took 0.23s
11:42:07 [DETECT] inference took 0.20s
11:42:08 [DETECT] inference took 0.23s
11:42:09 [DETECT] inference took 0.22s
11:42:10 [DETECT] inference took 0.36s
11:42:11 [DETECT] inference took 0.22s
11:42:12 [DETECT] inference took 0.27s
11:42:13 [DETECT] inference took 0.31s
11:42:14 [DETECT] inference took 0.24s
11:42:15 [DETECT] inference took 0.24s
11:42:16 [DETECT] inference took 0.24s
11:42:17 [DETECT] inference took 0.24s
11:42:18 [DETECT] inference took 0.24s
11:42:19 [DETECT] inference took 0.28s
11:42:20 [DETECT] inference took 0.24s
11:42:21 [DETECT] inference took 0.25s
11:42:22 [DETECT] inference took 0.24s
11:42:23 [DETECT] inference took 0.22s
11:42:24 [DETECT] inference took 0.22s
11:42:25 [DETECT] inference took 0.22s
11:42:26 [DETECT] inference took 0.24s
11:42:27 [DETECT] inference took 0.24s
11:42:28 [DETECT] inference took 0.22s
11:42:29 [DETECT] inference took 0.22s
11:42:30 [DETECT] inference took 0.22s
11:42:31 [DETECT] inference took 0.25s
11:42:32 [DETECT] inference took 0.23s
11:42:33 [DETECT] inference took 0.22s
11:42:34 [DETECT] inference took 0.23s
11:42:35 [DETECT] inference took 0.22s
11:42:36 [DETECT] inference took 0.38s
11:42:37 [DETECT] inference took 0.22s
11:42:38 [DETECT] inference took 0.23s
11:42:39 [DETECT] inference took 0.23s
11:42:40 [DETECT] inference took 0.22s
11:42:41 [DETECT] inference took 0.23s
11:42:42 [DETECT] inference took 0.22s
11:42:43 [DETECT] inference took 0.23s
11:42:44 [DETECT] inference took 0.22s
11:42:45 [DETECT] inference took 0.23s
11:42:46 [DETECT] inference took 0.22s
11:42:47 [DETECT] inference took 0.23s
11:42:48 [DETECT] inference took 0.22s
11:42:49 [DETECT] inference took 0.22s
11:42:50 [DETECT] inference took 0.22s
11:42:51 [DETECT] inference took 0.28s
11:42:52 [DETECT] inference took 0.22s
11:42:53 [DETECT] inference took 0.22s
11:42:54 [DETECT] inference took 0.23s
11:42:55 [DETECT] inference took 0.22s
11:42:56 [DETECT] inference took 0.23s
11:42:57 [DETECT] inference took 0.23s
11:42:58 [DETECT] inference took 0.22s
11:42:59 [DETECT] inference took 0.22s
11:43:00 [DETECT] inference took 0.23s
11:43:01 [DETECT] inference took 0.22s
11:43:02 [DETECT] inference took 0.30s
11:43:03 [DETECT] inference took 0.25s
11:43:04 [DETECT] inference took 0.23s
11:43:05 [DETECT] inference took 0.23s
11:43:06 [DETECT] inference took 0.22s
11:43:07 [DETECT] inference took 0.38s
11:43:08 [DETECT] inference took 0.23s
11:43:09 [DETECT] inference took 0.23s
11:43:10 [DETECT] inference took 0.22s
11:43:11 [DETECT] inference took 0.23s
11:43:12 [DETECT] inference took 0.23s
11:43:13 [DETECT] inference took 0.23s
11:43:14 [DETECT] inference took 0.22s
11:43:15 [DETECT] inference took 0.22s
11:43:16 [DETECT] inference took 0.22s
11:43:17 [DETECT] inference took 0.24s
11:43:18 [DETECT] inference took 0.22s
11:43:19 [DETECT] inference took 0.22s
11:43:20 [DETECT] inference took 0.24s
11:43:21 [DETECT] inference took 0.24s
11:43:22 [DETECT] inference took 0.22s
11:43:23 [DETECT] inference took 0.24s
11:43:24 [DETECT] inference took 0.24s
11:43:25 [DETECT] inference took 0.22s
11:43:26 [DETECT] inference took 0.24s
11:43:27 [DETECT] inference took 0.22s
11:43:28 [DETECT] inference took 0.25s
11:43:29 [DETECT] inference took 0.22s
11:43:30 [DETECT] inference took 0.24s
11:43:31 [DETECT] inference took 0.22s
11:43:32 [DETECT] inference took 0.20s
11:43:33 [DETECT] inference took 0.31s
11:43:34 [DETECT] inference took 0.20s
11:43:35 [DETECT] inference took 0.20s
11:43:36 [DETECT] inference took 0.20s
11:43:37 [DETECT] inference took 0.22s
11:43:38 [DETECT] inference took 0.30s
11:43:39 [DETECT] inference took 0.20s
11:43:40 [DETECT] inference took 0.22s
11:43:41 [DETECT] inference took 0.20s
11:43:42 [DETECT] inference took 0.20s
11:43:43 [DETECT] inference took 0.20s
11:43:44 [DETECT] inference took 0.22s
11:43:45 [DETECT] inference took 0.20s
11:43:46 [DETECT] inference took 0.20s
11:43:47 [DETECT] inference took 0.20s
11:43:48 [DETECT] inference took 0.19s
11:43:49 [DETECT] inference took 0.22s
11:43:50 [DETECT] inference took 0.22s
11:43:51 [DETECT] inference took 0.22s
11:43:52 [DETECT] inference took 0.22s
11:43:53 [DETECT] inference took 0.27s
11:43:54 [DETECT] inference took 0.22s
11:43:55 [DETECT] inference took 0.22s
11:43:56 [DETECT] inference took 0.20s
11:43:57 [DETECT] inference took 0.24s
11:43:58 [DETECT] inference took 0.24s
11:43:59 [DETECT] inference took 0.22s
11:44:00 [DETECT] inference took 0.20s
11:44:01 [DETECT] inference took 0.22s
11:44:02 [DETECT] inference took 0.20s
11:44:03 [DETECT] inference took 0.22s
11:44:04 [DETECT] inference took 0.34s
11:44:05 [DETECT] inference took 0.20s
11:44:06 [DETECT] inference took 0.22s
11:44:07 [DETECT] inference took 0.20s
11:44:08 [DETECT] inference took 0.20s
11:44:09 [DETECT] inference took 0.20s
11:44:10 [DETECT] inference took 0.20s
11:44:11 [DETECT] inference took 0.22s
11:44:12 [DETECT] inference took 0.20s
11:44:13 [DETECT] inference took 0.20s
11:44:14 [DETECT] inference took 0.20s
11:44:15 [DETECT] inference took 0.20s
11:44:16 [DETECT] inference took 0.20s
11:44:17 [DETECT] inference took 0.20s
11:44:18 [DETECT] inference took 0.20s
11:44:19 [DETECT] inference took 0.20s
11:44:20 [DETECT] inference took 0.20s
11:44:21 [DETECT] inference took 0.22s
11:44:22 [DETECT] inference took 0.20s
11:44:23 [DETECT] inference took 0.20s
11:44:24 [DETECT] inference took 0.22s
11:44:25 [DETECT] inference took 0.20s
11:44:26 [DETECT] inference took 0.22s
11:44:28 [DETECT] inference took 0.36s
11:44:28 [DETECT] inference took 0.30s
11:44:29 [DETECT] inference took 0.20s
11:44:30 [DETECT] inference took 0.25s
11:44:31 [DETECT] inference took 0.20s
11:44:32 [DETECT] inference took 0.20s
11:44:33 [DETECT] inference took 0.20s
11:44:34 [DETECT] inference took 0.22s
11:44:36 [DETECT] inference took 0.48s
11:44:36 [DETECT] inference took 0.20s
11:44:37 [DETECT] inference took 0.20s
11:44:38 [DETECT] inference took 0.20s
11:44:39 [DETECT] inference took 0.20s
11:44:40 [DETECT] inference took 0.20s
11:44:41 [DETECT] inference took 0.20s
11:44:42 [DETECT] inference took 0.22s
11:44:43 [DETECT] inference took 0.20s
11:44:44 [DETECT] inference took 0.27s
11:44:45 [DETECT] inference took 0.22s
11:44:46 [DETECT] inference took 0.22s
11:44:47 [DETECT] inference took 0.20s
11:44:48 [DETECT] inference took 0.22s
11:44:49 [DETECT] inference took 0.20s
11:44:50 [DETECT] inference took 0.22s
11:44:51 [DETECT] inference took 0.22s
11:44:52 [DETECT] inference took 0.20s
11:44:53 [DETECT] inference took 0.20s
11:44:54 [DETECT] inference took 0.20s
11:44:55 [DETECT] inference took 0.20s
11:44:56 [DETECT] inference took 0.20s
11:44:57 [DETECT] inference took 0.20s
11:44:58 [DETECT] inference took 0.22s
11:44:59 [DETECT] inference took 0.20s
11:45:00 [DETECT] inference took 0.20s
11:45:01 [DETECT] inference took 0.33s
11:45:02 [DETECT] inference took 0.20s
11:45:03 [DETECT] inference took 0.20s
11:45:04 [DETECT] inference took 0.20s
11:45:05 [DETECT] inference took 0.20s
11:45:06 [DETECT] inference took 0.20s
11:45:07 [DETECT] inference took 0.20s
11:45:08 [DETECT] inference took 0.20s
11:45:09 [DETECT] inference took 0.20s
11:45:10 [DETECT] inference took 0.20s
11:45:11 [DETECT] inference took 0.22s
11:45:12 [DETECT] inference took 0.20s
11:45:13 [DETECT] inference took 0.20s
11:45:14 [DETECT] inference took 0.20s
11:45:15 [DETECT] inference took 0.20s
11:45:16 [DETECT] inference took 0.22s
11:45:17 [DETECT] inference took 0.20s
11:45:18 [DETECT] inference took 0.20s
11:45:19 [DETECT] inference took 0.20s
11:45:20 [DETECT] inference took 0.20s
11:45:21 [DETECT] inference took 0.22s
11:45:22 [DETECT] inference took 0.20s
11:45:23 [DETECT] inference took 0.20s
11:45:24 [DETECT] inference took 0.20s
11:45:25 [DETECT] inference took 0.20s
11:45:26 [DETECT] inference took 0.22s
11:45:27 [DETECT] inference took 0.25s
11:45:28 [DETECT] inference took 0.20s
11:45:29 [DETECT] inference took 0.20s
11:45:30 [DETECT] inference took 0.22s
11:45:31 [DETECT] inference took 0.20s
11:45:33 [DETECT] inference took 0.34s
11:45:33 [DETECT] inference took 0.22s
11:45:34 [DETECT] inference took 0.20s
11:45:35 [DETECT] inference took 0.22s
11:45:36 [DETECT] inference took 0.22s
11:45:37 [DETECT] inference took 0.20s
11:45:39 [DETECT] inference took 0.33s
11:45:40 [DETECT] inference took 0.34s
11:45:40 [DETECT] inference took 0.20s
11:45:41 [DETECT] inference took 0.22s
11:45:42 [DETECT] inference took 0.22s
11:45:43 [DETECT] inference took 0.20s
11:45:44 [DETECT] inference took 0.20s
11:45:45 [DETECT] inference took 0.20s
11:45:46 [DETECT] inference took 0.20s
11:45:47 [DETECT] inference took 0.20s
11:45:48 [DETECT] inference took 0.20s
11:45:49 [DETECT] inference took 0.20s
11:45:50 [DETECT] inference took 0.20s
11:45:51 [DETECT] inference took 0.22s
11:45:52 [DETECT] inference took 0.22s
11:45:53 [DETECT] inference took 0.22s
11:45:54 [DETECT] inference took 0.20s
11:45:55 [DETECT] inference took 0.20s
11:45:56 [DETECT] inference took 0.20s
11:45:57 [DETECT] inference took 0.20s
11:45:58 [DETECT] inference took 0.28s
11:45:59 [DETECT] inference took 0.20s
11:46:00 [DETECT] inference took 0.20s
11:46:01 [DETECT] inference took 0.22s
11:46:02 [DETECT] inference took 0.20s
11:46:04 [DETECT] inference took 0.44s
11:46:04 [DETECT] inference took 0.20s
11:46:05 [DETECT] inference took 0.22s
11:46:06 [DETECT] inference took 0.22s
11:46:07 [DETECT] inference took 0.22s
11:46:08 [DETECT] inference took 0.20s
11:46:09 [DETECT] inference took 0.22s
11:46:10 [DETECT] inference took 0.22s
11:46:11 [DETECT] inference took 0.22s
11:46:12 [DETECT] inference took 0.20s
11:46:13 [DETECT] inference took 0.22s
11:46:14 [DETECT] inference took 0.20s
11:46:15 [DETECT] inference took 0.20s
11:46:16 [DETECT] inference took 0.20s
11:46:17 [DETECT] inference took 0.20s
11:46:18 [DETECT] inference took 0.20s
11:46:19 [DETECT] inference took 0.20s
11:46:20 [DETECT] inference took 0.20s
11:46:21 [DETECT] inference took 0.22s
11:46:22 [DETECT] inference took 0.22s
11:46:23 [DETECT] inference took 0.20s
11:46:24 [DETECT] inference took 0.23s
11:46:25 [DETECT] inference took 0.20s
11:46:26 [DETECT] inference took 0.22s
11:46:27 [DETECT] inference took 0.23s
11:46:28 [DETECT] inference took 0.22s
11:46:30 [DETECT] inference took 0.34s
11:46:30 [DETECT] inference took 0.20s
11:46:31 [DETECT] inference took 0.22s
11:46:32 [DETECT] inference took 0.20s
11:46:33 [DETECT] inference took 0.20s
11:46:34 [DETECT] inference took 0.22s
11:46:36 [DETECT] inference took 0.39s
11:46:36 [DETECT] inference took 0.20s
11:46:37 [DETECT] inference took 0.22s
11:46:38 [DETECT] inference took 0.20s
11:46:39 [DETECT] inference took 0.20s
11:46:40 [DETECT] inference took 0.22s
11:46:41 [DETECT] inference took 0.22s
11:46:42 [DETECT] inference took 0.20s
11:46:43 [DETECT] inference took 0.20s
11:46:44 [DETECT] inference took 0.20s
11:46:45 [DETECT] inference took 0.20s
11:46:47 [DETECT] inference took 0.20s
11:46:48 [DETECT] inference took 0.22s
11:46:49 [DETECT] inference took 0.22s
11:46:50 [DETECT] inference took 0.20s
11:46:51 [DETECT] inference took 0.22s
11:46:52 [DETECT] inference took 0.22s
11:46:53 [DETECT] inference took 0.20s
11:46:54 [DETECT] inference took 0.23s
11:46:55 [DETECT] inference took 0.22s
11:46:56 [DETECT] inference took 0.25s
11:46:57 [DETECT] inference took 0.23s
11:46:58 [DETECT] inference took 0.22s
11:46:59 [DETECT] inference took 0.22s
11:47:00 [DETECT] inference took 0.20s
11:47:01 [DETECT] inference took 0.44s
11:47:02 [DETECT] inference took 0.20s
11:47:03 [DETECT] inference took 0.20s
11:47:04 [DETECT] inference took 0.20s
11:47:05 [DETECT] inference took 0.20s
11:47:06 [DETECT] inference took 0.22s
11:47:07 [DETECT] inference took 0.20s
11:47:08 [DETECT] inference took 0.20s
11:47:09 [DETECT] inference took 0.22s
11:47:10 [DETECT] inference took 0.28s
11:47:11 [DETECT] inference took 0.20s
11:47:12 [DETECT] inference took 0.22s
11:47:13 [DETECT] inference took 0.20s
11:47:14 [DETECT] inference took 0.22s
11:47:15 [DETECT] inference took 0.20s
11:47:16 [DETECT] inference took 0.22s
11:47:17 [DETECT] inference took 0.22s
11:47:18 [DETECT] inference took 0.22s
11:47:19 [DETECT] inference took 0.20s
11:47:20 [DETECT] inference took 0.20s
11:47:21 [DETECT] inference took 0.20s
11:47:22 [DETECT] inference took 0.24s
11:47:23 [DETECT] inference took 0.20s
11:47:24 [DETECT] inference took 0.20s
11:47:25 [DETECT] inference took 0.24s
11:47:26 [DETECT] inference took 0.33s
11:47:27 [DETECT] inference took 0.34s
11:47:28 [DETECT] inference took 0.20s
11:47:29 [DETECT] inference took 0.20s
11:47:30 [DETECT] inference took 0.20s
11:47:31 [DETECT] inference took 0.20s
11:47:32 [DETECT] inference took 0.30s
11:47:33 [DETECT] inference took 0.22s
11:47:34 [DETECT] inference took 0.20s
11:47:35 [DETECT] inference took 0.20s
11:47:36 [DETECT] inference took 0.20s
11:47:37 [DETECT] inference took 0.22s
11:47:38 [DETECT] inference took 0.20s
11:47:39 [DETECT] inference took 0.20s
11:47:40 [DETECT] inference took 0.22s
11:47:41 [DETECT] inference took 0.20s
11:47:42 [DETECT] inference took 0.20s
11:47:43 [DETECT] inference took 0.22s
11:47:44 [DETECT] inference took 0.20s
11:47:45 [DETECT] inference took 0.22s
11:47:46 [DETECT] inference took 0.20s
11:47:47 [DETECT] inference took 0.20s
11:47:48 [DETECT] inference took 0.22s
11:47:49 [DETECT] inference took 0.22s
11:47:50 [DETECT] inference took 0.20s
11:47:51 [DETECT] inference took 0.30s
11:47:52 [DETECT] inference took 0.22s
11:47:53 [DETECT] inference took 0.31s
11:47:54 [DETECT] inference took 0.22s
11:47:55 [DETECT] inference took 0.22s
11:47:56 [DETECT] inference took 0.20s
11:47:57 [DETECT] inference took 0.22s
11:47:58 [DETECT] inference took 0.34s
11:47:59 [DETECT] inference took 0.22s
11:48:00 [DETECT] inference took 0.22s
11:48:01 [DETECT] inference took 0.24s
11:48:02 [DETECT] inference took 0.20s
11:48:03 [DETECT] inference took 0.22s
11:48:04 [DETECT] inference took 0.22s
11:48:05 [DETECT] inference took 0.27s
11:48:06 [DETECT] inference took 0.22s
11:48:07 [DETECT] inference took 0.22s
11:48:08 [DETECT] inference took 0.22s
11:48:09 [DETECT] inference took 0.22s
11:48:10 [DETECT] inference took 0.22s
11:48:11 [DETECT] inference took 0.24s
11:48:12 [DETECT] inference took 0.20s
11:48:13 [DETECT] inference took 0.20s
11:48:14 [DETECT] inference took 0.20s
11:48:15 [DETECT] inference took 0.20s
11:48:16 [DETECT] inference took 0.28s
11:48:17 [DETECT] inference took 0.22s
11:48:18 [DETECT] inference took 0.22s
11:48:19 [DETECT] inference took 0.22s
11:48:20 [DETECT] inference took 0.22s
11:48:21 [DETECT] inference took 0.24s
11:48:22 [DETECT] inference took 0.20s
11:48:23 [DETECT] inference took 0.22s
11:48:24 [DETECT] inference took 0.30s
11:48:25 [DETECT] inference took 0.20s
11:48:26 [DETECT] inference took 0.22s
11:48:27 [DETECT] inference took 0.25s
11:48:28 [DETECT] inference took 0.20s
11:48:29 [DETECT] inference took 0.34s
11:48:30 [DETECT] inference took 0.22s
11:48:31 [DETECT] inference took 0.23s
11:48:32 [DETECT] inference took 0.22s
11:48:33 [DETECT] inference took 0.23s
11:48:34 [DETECT] inference took 0.20s
11:48:35 [DETECT] inference took 0.22s
11:48:36 [DETECT] inference took 0.23s
11:48:37 [DETECT] inference took 0.22s
11:48:38 [DETECT] inference took 0.20s
11:48:39 [DETECT] inference took 0.22s
11:48:40 [DETECT] inference took 0.22s
11:48:41 [DETECT] inference took 0.41s
11:48:42 [DETECT] inference took 0.22s
11:48:43 [DETECT] inference took 0.22s
11:48:44 [DETECT] inference took 0.47s
11:48:45 [DETECT] inference took 0.28s
11:48:46 [DETECT] inference took 0.22s
11:48:47 [DETECT] inference took 0.22s
11:48:48 [DETECT] inference took 0.20s
11:48:49 [DETECT] inference took 0.38s
